[     235ms] [WARNING] Invalid original font size for element: JSHandle@node @ https://ceagesp.gov.br/wp-content/plugins/accessibility-widget/lite/frontend/assets/js/widget.min.js?ver=1783187265:4
[     238ms] [WARNING] Invalid original font size for element: JSHandle@node @ https://ceagesp.gov.br/wp-content/plugins/accessibility-widget/lite/frontend/assets/js/widget.min.js?ver=1783187265:4
[     281ms] [LOG] [LiteSpeed] Start Lazy Load @ https://ceagesp.gov.br/cotacoes:192
[   13641ms] [LOG] 28/06/2026 @ https://ceagesp.gov.br/cotacoes:113
[   13641ms] [LOG] FRUTAS @ https://ceagesp.gov.br/cotacoes:113
[   13641ms] [LOG] false @ https://ceagesp.gov.br/cotacoes:113
[   13641ms] [LOG] 29/06/2026 @ https://ceagesp.gov.br/cotacoes:113
[   13641ms] [LOG] FRUTAS @ https://ceagesp.gov.br/cotacoes:113
[   13641ms] [LOG] true @ https://ceagesp.gov.br/cotacoes:113
[   13641ms] [LOG] 30/06/2026 @ https://ceagesp.gov.br/cotacoes:113
[   13641ms] [LOG] FRUTAS @ https://ceagesp.gov.br/cotacoes:113
[   13641ms] [LOG] false @ https://ceagesp.gov.br/cotacoes:113
[   13641ms] [LOG] 01/07/2026 @ https://ceagesp.gov.br/cotacoes:113
[   13641ms] [LOG] FRUTAS @ https://ceagesp.gov.br/cotacoes:113
[   13642ms] [LOG] true @ https://ceagesp.gov.br/cotacoes:113
[   13642ms] [LOG] 02/07/2026 @ https://ceagesp.gov.br/cotacoes:113
[   13642ms] [LOG] FRUTAS @ https://ceagesp.gov.br/cotacoes:113
[   13642ms] [LOG] false @ https://ceagesp.gov.br/cotacoes:113
[   13642ms] [LOG] 03/07/2026 @ https://ceagesp.gov.br/cotacoes:113
[   13642ms] [LOG] FRUTAS @ https://ceagesp.gov.br/cotacoes:113
[   13642ms] [LOG] true @ https://ceagesp.gov.br/cotacoes:113
[   13642ms] [LOG] 04/07/2026 @ https://ceagesp.gov.br/cotacoes:113
[   13642ms] [LOG] FRUTAS @ https://ceagesp.gov.br/cotacoes:113
[   13642ms] [LOG] false @ https://ceagesp.gov.br/cotacoes:113
[   13642ms] [LOG] 05/07/2026 @ https://ceagesp.gov.br/cotacoes:113
[   13642ms] [LOG] FRUTAS @ https://ceagesp.gov.br/cotacoes:113
[   13642ms] [LOG] false @ https://ceagesp.gov.br/cotacoes:113
[   13643ms] [LOG] 06/07/2026 @ https://ceagesp.gov.br/cotacoes:113
[   13643ms] [LOG] FRUTAS @ https://ceagesp.gov.br/cotacoes:113
[   13643ms] [LOG] true @ https://ceagesp.gov.br/cotacoes:113
[   13643ms] [LOG] 07/07/2026 @ https://ceagesp.gov.br/cotacoes:113
[   13643ms] [LOG] FRUTAS @ https://ceagesp.gov.br/cotacoes:113
[   13643ms] [LOG] false @ https://ceagesp.gov.br/cotacoes:113
[   13643ms] [LOG] 08/07/2026 @ https://ceagesp.gov.br/cotacoes:113
[   13643ms] [LOG] FRUTAS @ https://ceagesp.gov.br/cotacoes:113
[   13643ms] [LOG] true @ https://ceagesp.gov.br/cotacoes:113
[   13643ms] [LOG] 09/07/2026 @ https://ceagesp.gov.br/cotacoes:113
[   13643ms] [LOG] FRUTAS @ https://ceagesp.gov.br/cotacoes:113
[   13643ms] [LOG] false @ https://ceagesp.gov.br/cotacoes:113
[   13643ms] [LOG] 10/07/2026 @ https://ceagesp.gov.br/cotacoes:113
[   13643ms] [LOG] FRUTAS @ https://ceagesp.gov.br/cotacoes:113
[   13644ms] [LOG] false @ https://ceagesp.gov.br/cotacoes:113
[   13644ms] [LOG] 11/07/2026 @ https://ceagesp.gov.br/cotacoes:113
[   13644ms] [LOG] FRUTAS @ https://ceagesp.gov.br/cotacoes:113
[   13644ms] [LOG] false @ https://ceagesp.gov.br/cotacoes:113
[   13644ms] [LOG] 12/07/2026 @ https://ceagesp.gov.br/cotacoes:113
[   13644ms] [LOG] FRUTAS @ https://ceagesp.gov.br/cotacoes:113
[   13644ms] [LOG] false @ https://ceagesp.gov.br/cotacoes:113
[   13644ms] [LOG] 13/07/2026 @ https://ceagesp.gov.br/cotacoes:113
[   13644ms] [LOG] FRUTAS @ https://ceagesp.gov.br/cotacoes:113
[   13644ms] [LOG] false @ https://ceagesp.gov.br/cotacoes:113
[   13644ms] [LOG] 14/07/2026 @ https://ceagesp.gov.br/cotacoes:113
[   13644ms] [LOG] FRUTAS @ https://ceagesp.gov.br/cotacoes:113
[   13644ms] [LOG] false @ https://ceagesp.gov.br/cotacoes:113
[   13644ms] [LOG] 15/07/2026 @ https://ceagesp.gov.br/cotacoes:113
[   13644ms] [LOG] FRUTAS @ https://ceagesp.gov.br/cotacoes:113
[   13644ms] [LOG] false @ https://ceagesp.gov.br/cotacoes:113
[   13645ms] [LOG] 16/07/2026 @ https://ceagesp.gov.br/cotacoes:113
[   13645ms] [LOG] FRUTAS @ https://ceagesp.gov.br/cotacoes:113
[   13645ms] [LOG] false @ https://ceagesp.gov.br/cotacoes:113
[   13645ms] [LOG] 17/07/2026 @ https://ceagesp.gov.br/cotacoes:113
[   13645ms] [LOG] FRUTAS @ https://ceagesp.gov.br/cotacoes:113
[   13645ms] [LOG] false @ https://ceagesp.gov.br/cotacoes:113
[   13645ms] [LOG] 18/07/2026 @ https://ceagesp.gov.br/cotacoes:113
[   13645ms] [LOG] FRUTAS @ https://ceagesp.gov.br/cotacoes:113
[   13645ms] [LOG] false @ https://ceagesp.gov.br/cotacoes:113
[   13645ms] [LOG] 19/07/2026 @ https://ceagesp.gov.br/cotacoes:113
[   13645ms] [LOG] FRUTAS @ https://ceagesp.gov.br/cotacoes:113
[   13645ms] [LOG] false @ https://ceagesp.gov.br/cotacoes:113
[   13645ms] [LOG] 20/07/2026 @ https://ceagesp.gov.br/cotacoes:113
[   13645ms] [LOG] FRUTAS @ https://ceagesp.gov.br/cotacoes:113
[   13645ms] [LOG] false @ https://ceagesp.gov.br/cotacoes:113
[   13646ms] [LOG] 21/07/2026 @ https://ceagesp.gov.br/cotacoes:113
[   13646ms] [LOG] FRUTAS @ https://ceagesp.gov.br/cotacoes:113
[   13646ms] [LOG] false @ https://ceagesp.gov.br/cotacoes:113
[   13646ms] [LOG] 22/07/2026 @ https://ceagesp.gov.br/cotacoes:113
[   13646ms] [LOG] FRUTAS @ https://ceagesp.gov.br/cotacoes:113
[   13646ms] [LOG] false @ https://ceagesp.gov.br/cotacoes:113
[   13646ms] [LOG] 23/07/2026 @ https://ceagesp.gov.br/cotacoes:113
[   13646ms] [LOG] FRUTAS @ https://ceagesp.gov.br/cotacoes:113
[   13646ms] [LOG] false @ https://ceagesp.gov.br/cotacoes:113
[   13646ms] [LOG] 24/07/2026 @ https://ceagesp.gov.br/cotacoes:113
[   13646ms] [LOG] FRUTAS @ https://ceagesp.gov.br/cotacoes:113
[   13646ms] [LOG] false @ https://ceagesp.gov.br/cotacoes:113
[   13646ms] [LOG] 25/07/2026 @ https://ceagesp.gov.br/cotacoes:113
[   13646ms] [LOG] FRUTAS @ https://ceagesp.gov.br/cotacoes:113
[   13646ms] [LOG] false @ https://ceagesp.gov.br/cotacoes:113
[   13646ms] [LOG] 26/07/2026 @ https://ceagesp.gov.br/cotacoes:113
[   13646ms] [LOG] FRUTAS @ https://ceagesp.gov.br/cotacoes:113
[   13647ms] [LOG] false @ https://ceagesp.gov.br/cotacoes:113
[   13647ms] [LOG] 27/07/2026 @ https://ceagesp.gov.br/cotacoes:113
[   13647ms] [LOG] FRUTAS @ https://ceagesp.gov.br/cotacoes:113
[   13647ms] [LOG] false @ https://ceagesp.gov.br/cotacoes:113
[   13647ms] [LOG] 28/07/2026 @ https://ceagesp.gov.br/cotacoes:113
[   13647ms] [LOG] FRUTAS @ https://ceagesp.gov.br/cotacoes:113
[   13647ms] [LOG] false @ https://ceagesp.gov.br/cotacoes:113
[   13647ms] [LOG] 29/07/2026 @ https://ceagesp.gov.br/cotacoes:113
[   13647ms] [LOG] FRUTAS @ https://ceagesp.gov.br/cotacoes:113
[   13647ms] [LOG] false @ https://ceagesp.gov.br/cotacoes:113
[   13647ms] [LOG] 30/07/2026 @ https://ceagesp.gov.br/cotacoes:113
[   13647ms] [LOG] FRUTAS @ https://ceagesp.gov.br/cotacoes:113
[   13647ms] [LOG] false @ https://ceagesp.gov.br/cotacoes:113
[   13647ms] [LOG] 31/07/2026 @ https://ceagesp.gov.br/cotacoes:113
[   13647ms] [LOG] FRUTAS @ https://ceagesp.gov.br/cotacoes:113
[   13647ms] [LOG] false @ https://ceagesp.gov.br/cotacoes:113
[   13647ms] [LOG] 01/08/2026 @ https://ceagesp.gov.br/cotacoes:113
[   13647ms] [LOG] FRUTAS @ https://ceagesp.gov.br/cotacoes:113
[   13647ms] [LOG] false @ https://ceagesp.gov.br/cotacoes:113
[   13648ms] [LOG] 02/08/2026 @ https://ceagesp.gov.br/cotacoes:113
[   13648ms] [LOG] FRUTAS @ https://ceagesp.gov.br/cotacoes:113
[   13648ms] [LOG] false @ https://ceagesp.gov.br/cotacoes:113
[   13648ms] [LOG] 03/08/2026 @ https://ceagesp.gov.br/cotacoes:113
[   13648ms] [LOG] FRUTAS @ https://ceagesp.gov.br/cotacoes:113
[   13648ms] [LOG] false @ https://ceagesp.gov.br/cotacoes:113
[   13648ms] [LOG] 04/08/2026 @ https://ceagesp.gov.br/cotacoes:113
[   13648ms] [LOG] FRUTAS @ https://ceagesp.gov.br/cotacoes:113
[   13648ms] [LOG] false @ https://ceagesp.gov.br/cotacoes:113
[   13648ms] [LOG] 05/08/2026 @ https://ceagesp.gov.br/cotacoes:113
[   13648ms] [LOG] FRUTAS @ https://ceagesp.gov.br/cotacoes:113
[   13648ms] [LOG] false @ https://ceagesp.gov.br/cotacoes:113
[   13648ms] [LOG] 06/08/2026 @ https://ceagesp.gov.br/cotacoes:113
[   13648ms] [LOG] FRUTAS @ https://ceagesp.gov.br/cotacoes:113
[   13648ms] [LOG] false @ https://ceagesp.gov.br/cotacoes:113
[   13648ms] [LOG] 07/08/2026 @ https://ceagesp.gov.br/cotacoes:113
[   13648ms] [LOG] FRUTAS @ https://ceagesp.gov.br/cotacoes:113
[   13648ms] [LOG] false @ https://ceagesp.gov.br/cotacoes:113
[   13649ms] [LOG] 08/08/2026 @ https://ceagesp.gov.br/cotacoes:113
[   13649ms] [LOG] FRUTAS @ https://ceagesp.gov.br/cotacoes:113
[   13649ms] [LOG] false @ https://ceagesp.gov.br/cotacoes:113
