[    1144ms] [WARNING] Invalid original font size for element: JSHandle@node @ https://ceagesp.gov.br/wp-content/plugins/accessibility-widget/lite/frontend/assets/js/widget.min.js?ver=1783187265:4
[    1149ms] [WARNING] Invalid original font size for element: JSHandle@node @ https://ceagesp.gov.br/wp-content/plugins/accessibility-widget/lite/frontend/assets/js/widget.min.js?ver=1783187265:4
[    3993ms] [LOG] [LiteSpeed] Start Lazy Load @ https://ceagesp.gov.br/cotacoes:192
[   34060ms] [LOG] 28/06/2026 @ https://ceagesp.gov.br/cotacoes:113
[   34060ms] [LOG] FRUTAS @ https://ceagesp.gov.br/cotacoes:113
[   34060ms] [LOG] false @ https://ceagesp.gov.br/cotacoes:113
[   34060ms] [LOG] 29/06/2026 @ https://ceagesp.gov.br/cotacoes:113
[   34060ms] [LOG] FRUTAS @ https://ceagesp.gov.br/cotacoes:113
[   34060ms] [LOG] true @ https://ceagesp.gov.br/cotacoes:113
[   34061ms] [LOG] 30/06/2026 @ https://ceagesp.gov.br/cotacoes:113
[   34061ms] [LOG] FRUTAS @ https://ceagesp.gov.br/cotacoes:113
[   34061ms] [LOG] false @ https://ceagesp.gov.br/cotacoes:113
[   34061ms] [LOG] 01/07/2026 @ https://ceagesp.gov.br/cotacoes:113
[   34061ms] [LOG] FRUTAS @ https://ceagesp.gov.br/cotacoes:113
[   34061ms] [LOG] true @ https://ceagesp.gov.br/cotacoes:113
[   34061ms] [LOG] 02/07/2026 @ https://ceagesp.gov.br/cotacoes:113
[   34061ms] [LOG] FRUTAS @ https://ceagesp.gov.br/cotacoes:113
[   34061ms] [LOG] false @ https://ceagesp.gov.br/cotacoes:113
[   34061ms] [LOG] 03/07/2026 @ https://ceagesp.gov.br/cotacoes:113
[   34061ms] [LOG] FRUTAS @ https://ceagesp.gov.br/cotacoes:113
[   34061ms] [LOG] true @ https://ceagesp.gov.br/cotacoes:113
[   34061ms] [LOG] 04/07/2026 @ https://ceagesp.gov.br/cotacoes:113
[   34061ms] [LOG] FRUTAS @ https://ceagesp.gov.br/cotacoes:113
[   34061ms] [LOG] false @ https://ceagesp.gov.br/cotacoes:113
[   34061ms] [LOG] 05/07/2026 @ https://ceagesp.gov.br/cotacoes:113
[   34062ms] [LOG] FRUTAS @ https://ceagesp.gov.br/cotacoes:113
[   34062ms] [LOG] false @ https://ceagesp.gov.br/cotacoes:113
[   34062ms] [LOG] 06/07/2026 @ https://ceagesp.gov.br/cotacoes:113
[   34062ms] [LOG] FRUTAS @ https://ceagesp.gov.br/cotacoes:113
[   34062ms] [LOG] true @ https://ceagesp.gov.br/cotacoes:113
[   34062ms] [LOG] 07/07/2026 @ https://ceagesp.gov.br/cotacoes:113
[   34062ms] [LOG] FRUTAS @ https://ceagesp.gov.br/cotacoes:113
[   34062ms] [LOG] false @ https://ceagesp.gov.br/cotacoes:113
[   34062ms] [LOG] 08/07/2026 @ https://ceagesp.gov.br/cotacoes:113
[   34062ms] [LOG] FRUTAS @ https://ceagesp.gov.br/cotacoes:113
[   34062ms] [LOG] true @ https://ceagesp.gov.br/cotacoes:113
[   34062ms] [LOG] 09/07/2026 @ https://ceagesp.gov.br/cotacoes:113
[   34062ms] [LOG] FRUTAS @ https://ceagesp.gov.br/cotacoes:113
[   34063ms] [LOG] false @ https://ceagesp.gov.br/cotacoes:113
[   34063ms] [LOG] 10/07/2026 @ https://ceagesp.gov.br/cotacoes:113
[   34063ms] [LOG] FRUTAS @ https://ceagesp.gov.br/cotacoes:113
[   34063ms] [LOG] false @ https://ceagesp.gov.br/cotacoes:113
[   34063ms] [LOG] 11/07/2026 @ https://ceagesp.gov.br/cotacoes:113
[   34063ms] [LOG] FRUTAS @ https://ceagesp.gov.br/cotacoes:113
[   34063ms] [LOG] false @ https://ceagesp.gov.br/cotacoes:113
[   34063ms] [LOG] 12/07/2026 @ https://ceagesp.gov.br/cotacoes:113
[   34063ms] [LOG] FRUTAS @ https://ceagesp.gov.br/cotacoes:113
[   34063ms] [LOG] false @ https://ceagesp.gov.br/cotacoes:113
[   34063ms] [LOG] 13/07/2026 @ https://ceagesp.gov.br/cotacoes:113
[   34063ms] [LOG] FRUTAS @ https://ceagesp.gov.br/cotacoes:113
[   34063ms] [LOG] false @ https://ceagesp.gov.br/cotacoes:113
[   34063ms] [LOG] 14/07/2026 @ https://ceagesp.gov.br/cotacoes:113
[   34063ms] [LOG] FRUTAS @ https://ceagesp.gov.br/cotacoes:113
[   34064ms] [LOG] false @ https://ceagesp.gov.br/cotacoes:113
[   34064ms] [LOG] 15/07/2026 @ https://ceagesp.gov.br/cotacoes:113
[   34064ms] [LOG] FRUTAS @ https://ceagesp.gov.br/cotacoes:113
[   34064ms] [LOG] false @ https://ceagesp.gov.br/cotacoes:113
[   34064ms] [LOG] 16/07/2026 @ https://ceagesp.gov.br/cotacoes:113
[   34064ms] [LOG] FRUTAS @ https://ceagesp.gov.br/cotacoes:113
[   34064ms] [LOG] false @ https://ceagesp.gov.br/cotacoes:113
[   34064ms] [LOG] 17/07/2026 @ https://ceagesp.gov.br/cotacoes:113
[   34064ms] [LOG] FRUTAS @ https://ceagesp.gov.br/cotacoes:113
[   34064ms] [LOG] false @ https://ceagesp.gov.br/cotacoes:113
[   34064ms] [LOG] 18/07/2026 @ https://ceagesp.gov.br/cotacoes:113
[   34064ms] [LOG] FRUTAS @ https://ceagesp.gov.br/cotacoes:113
[   34064ms] [LOG] false @ https://ceagesp.gov.br/cotacoes:113
[   34064ms] [LOG] 19/07/2026 @ https://ceagesp.gov.br/cotacoes:113
[   34064ms] [LOG] FRUTAS @ https://ceagesp.gov.br/cotacoes:113
[   34064ms] [LOG] false @ https://ceagesp.gov.br/cotacoes:113
[   34065ms] [LOG] 20/07/2026 @ https://ceagesp.gov.br/cotacoes:113
[   34065ms] [LOG] FRUTAS @ https://ceagesp.gov.br/cotacoes:113
[   34065ms] [LOG] false @ https://ceagesp.gov.br/cotacoes:113
[   34065ms] [LOG] 21/07/2026 @ https://ceagesp.gov.br/cotacoes:113
[   34065ms] [LOG] FRUTAS @ https://ceagesp.gov.br/cotacoes:113
[   34065ms] [LOG] false @ https://ceagesp.gov.br/cotacoes:113
[   34065ms] [LOG] 22/07/2026 @ https://ceagesp.gov.br/cotacoes:113
[   34065ms] [LOG] FRUTAS @ https://ceagesp.gov.br/cotacoes:113
[   34065ms] [LOG] false @ https://ceagesp.gov.br/cotacoes:113
[   34065ms] [LOG] 23/07/2026 @ https://ceagesp.gov.br/cotacoes:113
[   34065ms] [LOG] FRUTAS @ https://ceagesp.gov.br/cotacoes:113
[   34065ms] [LOG] false @ https://ceagesp.gov.br/cotacoes:113
[   34065ms] [LOG] 24/07/2026 @ https://ceagesp.gov.br/cotacoes:113
[   34066ms] [LOG] FRUTAS @ https://ceagesp.gov.br/cotacoes:113
[   34066ms] [LOG] false @ https://ceagesp.gov.br/cotacoes:113
[   34066ms] [LOG] 25/07/2026 @ https://ceagesp.gov.br/cotacoes:113
[   34066ms] [LOG] FRUTAS @ https://ceagesp.gov.br/cotacoes:113
[   34066ms] [LOG] false @ https://ceagesp.gov.br/cotacoes:113
[   34066ms] [LOG] 26/07/2026 @ https://ceagesp.gov.br/cotacoes:113
[   34066ms] [LOG] FRUTAS @ https://ceagesp.gov.br/cotacoes:113
[   34066ms] [LOG] false @ https://ceagesp.gov.br/cotacoes:113
[   34066ms] [LOG] 27/07/2026 @ https://ceagesp.gov.br/cotacoes:113
[   34066ms] [LOG] FRUTAS @ https://ceagesp.gov.br/cotacoes:113
[   34066ms] [LOG] false @ https://ceagesp.gov.br/cotacoes:113
[   34066ms] [LOG] 28/07/2026 @ https://ceagesp.gov.br/cotacoes:113
[   34067ms] [LOG] FRUTAS @ https://ceagesp.gov.br/cotacoes:113
[   34067ms] [LOG] false @ https://ceagesp.gov.br/cotacoes:113
[   34067ms] [LOG] 29/07/2026 @ https://ceagesp.gov.br/cotacoes:113
[   34067ms] [LOG] FRUTAS @ https://ceagesp.gov.br/cotacoes:113
[   34067ms] [LOG] false @ https://ceagesp.gov.br/cotacoes:113
[   34067ms] [LOG] 30/07/2026 @ https://ceagesp.gov.br/cotacoes:113
[   34067ms] [LOG] FRUTAS @ https://ceagesp.gov.br/cotacoes:113
[   34067ms] [LOG] false @ https://ceagesp.gov.br/cotacoes:113
[   34067ms] [LOG] 31/07/2026 @ https://ceagesp.gov.br/cotacoes:113
[   34067ms] [LOG] FRUTAS @ https://ceagesp.gov.br/cotacoes:113
[   34067ms] [LOG] false @ https://ceagesp.gov.br/cotacoes:113
[   34067ms] [LOG] 01/08/2026 @ https://ceagesp.gov.br/cotacoes:113
[   34067ms] [LOG] FRUTAS @ https://ceagesp.gov.br/cotacoes:113
[   34068ms] [LOG] false @ https://ceagesp.gov.br/cotacoes:113
[   34068ms] [LOG] 02/08/2026 @ https://ceagesp.gov.br/cotacoes:113
[   34068ms] [LOG] FRUTAS @ https://ceagesp.gov.br/cotacoes:113
[   34068ms] [LOG] false @ https://ceagesp.gov.br/cotacoes:113
[   34068ms] [LOG] 03/08/2026 @ https://ceagesp.gov.br/cotacoes:113
[   34068ms] [LOG] FRUTAS @ https://ceagesp.gov.br/cotacoes:113
[   34068ms] [LOG] false @ https://ceagesp.gov.br/cotacoes:113
[   34068ms] [LOG] 04/08/2026 @ https://ceagesp.gov.br/cotacoes:113
[   34068ms] [LOG] FRUTAS @ https://ceagesp.gov.br/cotacoes:113
[   34068ms] [LOG] false @ https://ceagesp.gov.br/cotacoes:113
[   34068ms] [LOG] 05/08/2026 @ https://ceagesp.gov.br/cotacoes:113
[   34068ms] [LOG] FRUTAS @ https://ceagesp.gov.br/cotacoes:113
[   34068ms] [LOG] false @ https://ceagesp.gov.br/cotacoes:113
[   34068ms] [LOG] 06/08/2026 @ https://ceagesp.gov.br/cotacoes:113
[   34069ms] [LOG] FRUTAS @ https://ceagesp.gov.br/cotacoes:113
[   34069ms] [LOG] false @ https://ceagesp.gov.br/cotacoes:113
[   34069ms] [LOG] 07/08/2026 @ https://ceagesp.gov.br/cotacoes:113
[   34069ms] [LOG] FRUTAS @ https://ceagesp.gov.br/cotacoes:113
[   34069ms] [LOG] false @ https://ceagesp.gov.br/cotacoes:113
[   34069ms] [LOG] 08/08/2026 @ https://ceagesp.gov.br/cotacoes:113
[   34069ms] [LOG] FRUTAS @ https://ceagesp.gov.br/cotacoes:113
[   34069ms] [LOG] false @ https://ceagesp.gov.br/cotacoes:113
[   44271ms] [WARNING] Invalid original font size for element: JSHandle@node @ https://ceagesp.gov.br/wp-content/plugins/accessibility-widget/lite/frontend/assets/js/widget.min.js?ver=1783187265:4
[   44282ms] [WARNING] Invalid original font size for element: JSHandle@node @ https://ceagesp.gov.br/wp-content/plugins/accessibility-widget/lite/frontend/assets/js/widget.min.js?ver=1783187265:4
[   88600ms] [LOG] Found btn-success at 64286 @ :14
[   88600ms] [LOG] !(Grupos[Gr].indexOf(string) == -1)));
					return (!(Grupos[Gr].indexOf(string) == -1));
				}
			}
		</script>
		<div class="form-group" data-cya11y-org-font-size="16">
		<button class="d_block btn btn-success" data-cya11y-org-font-size="14">Consultar</button>
		</div>
		</div>
		</form><table class="contacao_lista" cellpadding="0" cellspacing="0">
						<tbody><tr>
							<td class="ta_l" colsp @ :15
